// Jest Snapshot v1, https://goo.gl/fbAQLP

exports[`Pruebas en <AddCategories> Debe de mostrarse correctamente 1`] = `
<form
  onSubmit={[Function]}
>
  <input
    onChange={[Function]}
    placeholder="Search all you need"
    type="text"
    value=""
  />
</form>
`;
