// Jest Snapshot v1, https://goo.gl/fbAQLP

exports[`Pruebas en <GifGrid> Debe mostrar <GifGrid/> correctamente 1`] = `
<Fragment>
  <h4
    className="animate__animated animate__fadeInDown"
  >
    Bleach
  </h4>
  <p
    className="animate__animated animate__flash"
  >
    Loading
  </p>
  <div
    className="card-grid"
  />
</Fragment>
`;
